DESKTOP-I9H7MOT:code motia$ python -m pdb charges_calc.py -i source.json -o output.json
> c:\users\motia\onedrive\documents\pythoncertclass\py220bv201901\students\shawn_degraw\lessons\lesson02\assignment\code\charges_calc.p
y(3)<module>()
-> '''
(Pdb) n
> c:\users\motia\onedrive\documents\pythoncertclass\py220bv201901\students\shawn_degraw\lessons\lesson02\assignment\code\charges_calc.p
y(4)<module>()
-> import argparse
(Pdb) n
> c:\users\motia\onedrive\documents\pythoncertclass\py220bv201901\students\shawn_degraw\lessons\lesson02\assignment\code\charges_calc.p
y(5)<module>()
-> import json
(Pdb) n
> c:\users\motia\onedrive\documents\pythoncertclass\py220bv201901\students\shawn_degraw\lessons\lesson02\assignment\code\charges_calc.p
y(6)<module>()
-> import datetime
(Pdb) n
> c:\users\motia\onedrive\documents\pythoncertclass\py220bv201901\students\shawn_degraw\lessons\lesson02\assignment\code\charges_calc.p
y(7)<module>()
-> import math
(Pdb) n
> c:\users\motia\onedrive\documents\pythoncertclass\py220bv201901\students\shawn_degraw\lessons\lesson02\assignment\code\charges_calc.p
y(9)<module>()
-> def parse_cmd_arguments():
(Pdb) n
> c:\users\motia\onedrive\documents\pythoncertclass\py220bv201901\students\shawn_degraw\lessons\lesson02\assignment\code\charges_calc.p
y(17)<module>()
-> def load_rentals_file(filename):
(Pdb) n
> c:\users\motia\onedrive\documents\pythoncertclass\py220bv201901\students\shawn_degraw\lessons\lesson02\assignment\code\charges_calc.p
y(25)<module>()
-> def calculate_additional_fields(data):
(Pdb) n
> c:\users\motia\onedrive\documents\pythoncertclass\py220bv201901\students\shawn_degraw\lessons\lesson02\assignment\code\charges_calc.p
y(39)<module>()
-> def save_to_json(filename, data):
(Pdb) n
> c:\users\motia\onedrive\documents\pythoncertclass\py220bv201901\students\shawn_degraw\lessons\lesson02\assignment\code\charges_calc.p
y(43)<module>()
-> if __name__ == "__main__":
(Pdb) n
> c:\users\motia\onedrive\documents\pythoncertclass\py220bv201901\students\shawn_degraw\lessons\lesson02\assignment\code\charges_calc.p
y(44)<module>()
-> args = parse_cmd_arguments()
(Pdb) s
--Call--
> c:\users\motia\onedrive\documents\pythoncertclass\py220bv201901\students\shawn_degraw\lessons\lesson02\assignment\code\charges_calc.p
y(9)parse_cmd_arguments()
-> def parse_cmd_arguments():
(Pdb) s
> c:\users\motia\onedrive\documents\pythoncertclass\py220bv201901\students\shawn_degraw\lessons\lesson02\assignment\code\charges_calc.p
y(10)parse_cmd_arguments()
-> parser = argparse.ArgumentParser(description='Process some integers.')
(Pdb) n
> c:\users\motia\onedrive\documents\pythoncertclass\py220bv201901\students\shawn_degraw\lessons\lesson02\assignment\code\charges_calc.p
y(11)parse_cmd_arguments()
-> parser.add_argument('-i', '--input', help='input JSON file', required=True)
(Pdb) nn
*** NameError: name 'nn' is not defined
(Pdb) n
> c:\users\motia\onedrive\documents\pythoncertclass\py220bv201901\students\shawn_degraw\lessons\lesson02\assignment\code\charges_calc.p
y(12)parse_cmd_arguments()
-> parser.add_argument('-o', '--output', help='ouput JSON file', required=True)
(Pdb) n
> c:\users\motia\onedrive\documents\pythoncertclass\py220bv201901\students\shawn_degraw\lessons\lesson02\assignment\code\charges_calc.p
y(14)parse_cmd_arguments()
-> return parser.parse_args()
(Pdb) n
--Return--
> c:\users\motia\onedrive\documents\pythoncertclass\py220bv201901\students\shawn_degraw\lessons\lesson02\assignment\code\charges_calc.p
y(14)parse_cmd_arguments()->Namespace(inp...'output.json')
-> return parser.parse_args()
(Pdb) n
> c:\users\motia\onedrive\documents\pythoncertclass\py220bv201901\students\shawn_degraw\lessons\lesson02\assignment\code\charges_calc.p
y(45)<module>()
-> data = load_rentals_file(args.input)
(Pdb) args
(Pdb) pp args
Namespace(input='source.json', output='output.json')
(Pdb) s
--Call--
> c:\users\motia\onedrive\documents\pythoncertclass\py220bv201901\students\shawn_degraw\lessons\lesson02\assignment\code\charges_calc.p
y(17)load_rentals_file()
-> def load_rentals_file(filename):
(Pdb) pp filename
'source.json'
(Pdb) n
> c:\users\motia\onedrive\documents\pythoncertclass\py220bv201901\students\shawn_degraw\lessons\lesson02\assignment\code\charges_calc.p
y(18)load_rentals_file()
-> with open(filename) as file:
(Pdb) n
> c:\users\motia\onedrive\documents\pythoncertclass\py220bv201901\students\shawn_degraw\lessons\lesson02\assignment\code\charges_calc.p
y(19)load_rentals_file()
-> try:
(Pdb) n
> c:\users\motia\onedrive\documents\pythoncertclass\py220bv201901\students\shawn_degraw\lessons\lesson02\assignment\code\charges_calc.p
y(20)load_rentals_file()
-> data = json.load(file)
(Pdb) pp data
*** NameError: name 'data' is not defined
(Pdb) pp file
<_io.TextIOWrapper name='source.json' mode='r' encoding='cp1252'>
(Pdb) n
json.decoder.JSONDecodeError: Expecting property name enclosed in double quotes: line 5884 column 23 (char 130093)
> c:\users\motia\onedrive\documents\pythoncertclass\py220bv201901\students\shawn_degraw\lessons\lesson02\assignment\code\charges_calc.p
y(20)load_rentals_file()
-> data = json.load(file)
(Pdb) n
> c:\users\motia\onedrive\documents\pythoncertclass\py220bv201901\students\shawn_degraw\lessons\lesson02\assignment\code\charges_calc.p
y(21)load_rentals_file()
-> except:
(Pdb) n
> c:\users\motia\onedrive\documents\pythoncertclass\py220bv201901\students\shawn_degraw\lessons\lesson02\assignment\code\charges_calc.p
y(22)load_rentals_file()
-> exit(0)
(Pdb) pp except
*** SyntaxError: unexpected EOF while parsing
(Pdb) pp data
*** NameError: name 'data' is not defined
(Pdb) err
*** NameError: name 'err' is not defined
(Pdb) __exception__
(<class 'json.decoder.JSONDecodeError'>, JSONDecodeError('Expecting property name enclosed in double quotes: line 5884 column 23 (char
130093)'))
(Pdb) quit

******* correcting syntax issue in json file at line 5884 ************

DESKTOP-I9H7MOT:code motia$ python -m pdb charges_calc.py -i source.json -o output.json
> c:\users\motia\onedrive\documents\pythoncertclass\py220bv201901\students\shawn_degraw\lessons\lesson02\assignment\code\charges_calc.p
y(3)<module>()
-> '''
(Pdb) n
> c:\users\motia\onedrive\documents\pythoncertclass\py220bv201901\students\shawn_degraw\lessons\lesson02\assignment\code\charges_calc.p
y(4)<module>()
-> import argparse
(Pdb) n
> c:\users\motia\onedrive\documents\pythoncertclass\py220bv201901\students\shawn_degraw\lessons\lesson02\assignment\code\charges_calc.p
y(5)<module>()
-> import json
(Pdb) n
> c:\users\motia\onedrive\documents\pythoncertclass\py220bv201901\students\shawn_degraw\lessons\lesson02\assignment\code\charges_calc.p
y(6)<module>()
-> import datetime
(Pdb) n
> c:\users\motia\onedrive\documents\pythoncertclass\py220bv201901\students\shawn_degraw\lessons\lesson02\assignment\code\charges_calc.p
y(7)<module>()
-> import math
(Pdb) n
> c:\users\motia\onedrive\documents\pythoncertclass\py220bv201901\students\shawn_degraw\lessons\lesson02\assignment\code\charges_calc.p
y(9)<module>()
-> def parse_cmd_arguments():
(Pdb) n
> c:\users\motia\onedrive\documents\pythoncertclass\py220bv201901\students\shawn_degraw\lessons\lesson02\assignment\code\charges_calc.p
y(17)<module>()
-> def load_rentals_file(filename):
(Pdb) n
> c:\users\motia\onedrive\documents\pythoncertclass\py220bv201901\students\shawn_degraw\lessons\lesson02\assignment\code\charges_calc.p
y(25)<module>()
-> def calculate_additional_fields(data):
(Pdb) n
> c:\users\motia\onedrive\documents\pythoncertclass\py220bv201901\students\shawn_degraw\lessons\lesson02\assignment\code\charges_calc.p
y(39)<module>()
-> def save_to_json(filename, data):
(Pdb) n
> c:\users\motia\onedrive\documents\pythoncertclass\py220bv201901\students\shawn_degraw\lessons\lesson02\assignment\code\charges_calc.p
y(43)<module>()
-> if __name__ == "__main__":
(Pdb) n
> c:\users\motia\onedrive\documents\pythoncertclass\py220bv201901\students\shawn_degraw\lessons\lesson02\assignment\code\charges_calc.p
y(44)<module>()
-> args = parse_cmd_arguments()
(Pdb) n
> c:\users\motia\onedrive\documents\pythoncertclass\py220bv201901\students\shawn_degraw\lessons\lesson02\assignment\code\charges_calc.p
y(45)<module>()
-> data = load_rentals_file(args.input)
(Pdb) n
> c:\users\motia\onedrive\documents\pythoncertclass\py220bv201901\students\shawn_degraw\lessons\lesson02\assignment\code\charges_calc.p
y(46)<module>()
-> data = calculate_additional_fields(data)
(Pdb) s
--Call--
> c:\users\motia\onedrive\documents\pythoncertclass\py220bv201901\students\shawn_degraw\lessons\lesson02\assignment\code\charges_calc.p
y(25)calculate_additional_fields()
-> def calculate_additional_fields(data):
(Pdb) n
> c:\users\motia\onedrive\documents\pythoncertclass\py220bv201901\students\shawn_degraw\lessons\lesson02\assignment\code\charges_calc.p
y(26)calculate_additional_fields()
-> for value in data.values():
(Pdb) n
> c:\users\motia\onedrive\documents\pythoncertclass\py220bv201901\students\shawn_degraw\lessons\lesson02\assignment\code\charges_calc.p
y(27)calculate_additional_fields()
-> try:
(Pdb) n
> c:\users\motia\onedrive\documents\pythoncertclass\py220bv201901\students\shawn_degraw\lessons\lesson02\assignment\code\charges_calc.p
y(28)calculate_additional_fields()
-> rental_start = datetime.datetime.strptime(value['rental_start'], '%m/%d/%y')
(Pdb) pp rental_start
*** NameError: name 'rental_start' is not defined
(Pdb) n
> c:\users\motia\onedrive\documents\pythoncertclass\py220bv201901\students\shawn_degraw\lessons\lesson02\assignment\code\charges_calc.p
y(29)calculate_additional_fields()
-> rental_end = datetime.datetime.strptime(value['rental_end'], '%m/%d/%y')
(Pdb) pp rental_start
datetime.datetime(2017, 6, 12, 0, 0)
(Pdb) n
> c:\users\motia\onedrive\documents\pythoncertclass\py220bv201901\students\shawn_degraw\lessons\lesson02\assignment\code\charges_calc.p
y(30)calculate_additional_fields()
-> value['total_days'] = (rental_end - rental_start).days
(Pdb) n
> c:\users\motia\onedrive\documents\pythoncertclass\py220bv201901\students\shawn_degraw\lessons\lesson02\assignment\code\charges_calc.p
y(31)calculate_additional_fields()
-> value['total_price'] = value['total_days'] * value['price_per_day']
(Pdb) n
> c:\users\motia\onedrive\documents\pythoncertclass\py220bv201901\students\shawn_degraw\lessons\lesson02\assignment\code\charges_calc.p
y(32)calculate_additional_fields()
-> value['sqrt_total_price'] = math.sqrt(value['total_price'])
(Pdb) n
ValueError: math domain error
> c:\users\motia\onedrive\documents\pythoncertclass\py220bv201901\students\shawn_degraw\lessons\lesson02\assignment\code\charges_calc.p
y(32)calculate_additional_fields()
-> value['sqrt_total_price'] = math.sqrt(value['total_price'])
(Pdb) n
> c:\users\motia\onedrive\documents\pythoncertclass\py220bv201901\students\shawn_degraw\lessons\lesson02\assignment\code\charges_calc.p
y(34)calculate_additional_fields()
-> except:
(Pdb) __exception__
(<class 'ValueError'>, ValueError('math domain error'))
(Pdb) n
> c:\users\motia\onedrive\documents\pythoncertclass\py220bv201901\students\shawn_degraw\lessons\lesson02\assignment\code\charges_calc.p
y(35)calculate_additional_fields()
-> exit(0)
(Pdb) pp value
{'price_per_day': 31,
 'product_code': 'PRD80',
 'rental_end': '3/22/17',
 'rental_start': '6/12/17',
 'total_days': -82,
 'total_price': -2542,
 'units_rented': 8}
(Pdb) quit

******** Modifying code to handle bad data  ********
